127.0.0.1 - - [02/Feb/2026:10:01:53 +0900] "GET / HTTP/1.1" 404 808
0:0:0:0:0:0:0:1 - - [02/Feb/2026:10:02:12 +0900] "GET /MV3/NewFile.jsp HTTP/1.1" 404 812
0:0:0:0:0:0:0:1 - - [02/Feb/2026:10:02:12 +0900] "GET /favicon.ico HTTP/1.1" 404 819
0:0:0:0:0:0:0:1 - - [02/Feb/2026:10:02:21 +0900] "GET /MVC/NewFile.jsp HTTP/1.1" 200 175
0:0:0:0:0:0:0:1 - - [02/Feb/2026:10:06:41 +0900] "GET /MVC/NewFile.jsp HTTP/1.1" 404 804
0:0:0:0:0:0:0:1 - - [02/Feb/2026:10:06:41 +0900] "GET /MVC/NewFile.jsp HTTP/1.1" 404 804
0:0:0:0:0:0:0:1 - - [02/Feb/2026:10:06:52 +0900] "GET /MVC/coupon HTTP/1.1" 404 822
127.0.0.1 - - [02/Feb/2026:10:07:01 +0900] "GET / HTTP/1.1" 404 808
0:0:0:0:0:0:0:1 - - [02/Feb/2026:10:07:06 +0900] "GET /MVC/coupon HTTP/1.1" 200 -
127.0.0.1 - - [02/Feb/2026:10:16:57 +0900] "GET / HTTP/1.1" 404 808
0:0:0:0:0:0:0:1 - - [02/Feb/2026:10:17:02 +0900] "GET /MVC/coupon HTTP/1.1" 200 247
127.0.0.1 - - [02/Feb/2026:10:44:02 +0900] "GET / HTTP/1.1" 404 808
0:0:0:0:0:0:0:1 - - [02/Feb/2026:10:44:06 +0900] "GET /MVC2/coupon HTTP/1.1" 200 246
0:0:0:0:0:0:0:1 - - [02/Feb/2026:10:44:11 +0900] "GET /MVC2/ HTTP/1.1" 404 817
0:0:0:0:0:0:0:1 - - [02/Feb/2026:10:44:18 +0900] "GET /MVC2/coupon HTTP/1.1" 200 246
127.0.0.1 - - [02/Feb/2026:10:51:50 +0900] "GET / HTTP/1.1" 404 808
0:0:0:0:0:0:0:1 - - [02/Feb/2026:10:52:04 +0900] "GET /MVC3/coupon HTTP/1.1" 404 823
0:0:0:0:0:0:0:1 - - [02/Feb/2026:10:52:55 +0900] "GET /MVC3/coupon HTTP/1.1" 404 823
0:0:0:0:0:0:0:1 - - [02/Feb/2026:10:52:59 +0900] "GET /MVC3/coupon HTTP/1.1" 404 823
0:0:0:0:0:0:0:1 - - [02/Feb/2026:10:53:39 +0900] "GET /MVC3/coupon HTTP/1.1" 404 823
0:0:0:0:0:0:0:1 - - [02/Feb/2026:10:53:41 +0900] "GET /MVC3/coupon HTTP/1.1" 404 823
0:0:0:0:0:0:0:1 - - [02/Feb/2026:10:53:43 +0900] "GET /MVC3/coupon HTTP/1.1" 404 823
0:0:0:0:0:0:0:1 - - [02/Feb/2026:10:53:54 +0900] "GET /MVC3/coupon HTTP/1.1" 404 823
127.0.0.1 - - [02/Feb/2026:10:54:10 +0900] "GET / HTTP/1.1" 404 808
0:0:0:0:0:0:0:1 - - [02/Feb/2026:10:54:33 +0900] "GET /MVC3/coupon HTTP/1.1" 200 -
0:0:0:0:0:0:0:1 - - [02/Feb/2026:10:55:26 +0900] "GET /MVC3/coupon HTTP/1.1" 200 -
0:0:0:0:0:0:0:1 - - [02/Feb/2026:10:55:27 +0900] "GET /MVC3/coupon HTTP/1.1" 200 -
0:0:0:0:0:0:0:1 - - [02/Feb/2026:10:56:35 +0900] "GET /MVC3/coupon HTTP/1.1" 200 -
127.0.0.1 - - [02/Feb/2026:10:56:52 +0900] "GET / HTTP/1.1" 404 808
0:0:0:0:0:0:0:1 - - [02/Feb/2026:10:56:53 +0900] "GET /MVC3/coupon HTTP/1.1" 200 246
0:0:0:0:0:0:0:1 - - [02/Feb/2026:10:56:54 +0900] "GET /MVC3/coupon HTTP/1.1" 200 246
0:0:0:0:0:0:0:1 - - [02/Feb/2026:10:56:55 +0900] "GET /MVC3/coupon HTTP/1.1" 200 246
0:0:0:0:0:0:0:1 - - [02/Feb/2026:10:56:55 +0900] "GET /MVC3/coupon HTTP/1.1" 200 246
0:0:0:0:0:0:0:1 - - [02/Feb/2026:10:56:57 +0900] "GET /MVC3/coupon HTTP/1.1" 200 246
127.0.0.1 - - [02/Feb/2026:11:02:45 +0900] "GET / HTTP/1.1" 404 808
0:0:0:0:0:0:0:1 - - [02/Feb/2026:11:02:57 +0900] "GET /MVC4/coupon HTTP/1.1" 404 823
0:0:0:0:0:0:0:1 - - [02/Feb/2026:11:03:08 +0900] "GET /MVC4/coupon HTTP/1.1" 404 823
127.0.0.1 - - [02/Feb/2026:11:03:20 +0900] "GET / HTTP/1.1" 404 808
0:0:0:0:0:0:0:1 - - [02/Feb/2026:11:03:33 +0900] "GET /MVC4/coupon HTTP/1.1" 404 823
0:0:0:0:0:0:0:1 - - [02/Feb/2026:11:04:08 +0900] "GET /MVC4/coupon HTTP/1.1" 404 823
0:0:0:0:0:0:0:1 - - [02/Feb/2026:11:04:09 +0900] "GET /MVC4/coupon HTTP/1.1" 404 823
0:0:0:0:0:0:0:1 - - [02/Feb/2026:11:04:09 +0900] "GET /MVC4/coupon HTTP/1.1" 404 823
0:0:0:0:0:0:0:1 - - [02/Feb/2026:11:04:10 +0900] "GET /MVC4/coupon HTTP/1.1" 404 823
0:0:0:0:0:0:0:1 - - [02/Feb/2026:11:04:10 +0900] "GET /MVC4/coupon HTTP/1.1" 404 823
0:0:0:0:0:0:0:1 - - [02/Feb/2026:11:04:10 +0900] "GET /MVC4/coupon HTTP/1.1" 404 823
127.0.0.1 - - [02/Feb/2026:11:04:20 +0900] "GET / HTTP/1.1" 404 808
0:0:0:0:0:0:0:1 - - [02/Feb/2026:11:04:35 +0900] "GET /MVC4/coupon HTTP/1.1" 404 823
127.0.0.1 - - [02/Feb/2026:11:05:24 +0900] "GET / HTTP/1.1" 404 808
0:0:0:0:0:0:0:1 - - [02/Feb/2026:11:05:37 +0900] "GET /MVC4/coupon HTTP/1.1" 404 823
0:0:0:0:0:0:0:1 - - [02/Feb/2026:11:07:22 +0900] "GET /MVC4/coupon HTTP/1.1" 404 823
127.0.0.1 - - [02/Feb/2026:11:07:33 +0900] "GET / HTTP/1.1" 404 808
0:0:0:0:0:0:0:1 - - [02/Feb/2026:11:07:44 +0900] "GET /MVC4/Coupon HTTP/1.1" 404 823
0:0:0:0:0:0:0:1 - - [02/Feb/2026:11:07:52 +0900] "GET /MVC4/coupon HTTP/1.1" 404 823
0:0:0:0:0:0:0:1 - - [02/Feb/2026:11:07:54 +0900] "GET /MVC4/coupon HTTP/1.1" 404 823
0:0:0:0:0:0:0:1 - - [02/Feb/2026:11:07:54 +0900] "GET /MVC4/coupon HTTP/1.1" 404 823
0:0:0:0:0:0:0:1 - - [02/Feb/2026:11:07:54 +0900] "GET /MVC4/coupon HTTP/1.1" 404 823
0:0:0:0:0:0:0:1 - - [02/Feb/2026:11:07:57 +0900] "GET /MVC4/coupon HTTP/1.1" 404 823
0:0:0:0:0:0:0:1 - - [02/Feb/2026:11:08:47 +0900] "GET /MVC4/coupon HTTP/1.1" 404 823
0:0:0:0:0:0:0:1 - - [02/Feb/2026:11:08:49 +0900] "GET /MVC4/coupon HTTP/1.1" 404 823
127.0.0.1 - - [02/Feb/2026:11:09:00 +0900] "GET / HTTP/1.1" 404 808
0:0:0:0:0:0:0:1 - - [02/Feb/2026:11:09:01 +0900] "GET /MVC4/coupon HTTP/1.1" 404 815
0:0:0:0:0:0:0:1 - - [02/Feb/2026:11:09:03 +0900] "GET /MVC4/coupon HTTP/1.1" 404 815
0:0:0:0:0:0:0:1 - - [02/Feb/2026:11:09:10 +0900] "GET /MVC4/coupon HTTP/1.1" 404 815
0:0:0:0:0:0:0:1 - - [02/Feb/2026:11:09:34 +0900] "GET /MVC4/coupon HTTP/1.1" 404 815
0:0:0:0:0:0:0:1 - - [02/Feb/2026:11:09:35 +0900] "GET /MVC4/coupon HTTP/1.1" 404 815
0:0:0:0:0:0:0:1 - - [02/Feb/2026:11:09:35 +0900] "GET /MVC4/coupon HTTP/1.1" 404 815
0:0:0:0:0:0:0:1 - - [02/Feb/2026:11:09:35 +0900] "GET /MVC4/coupon HTTP/1.1" 404 815
0:0:0:0:0:0:0:1 - - [02/Feb/2026:11:09:35 +0900] "GET /MVC4/coupon HTTP/1.1" 404 815
0:0:0:0:0:0:0:1 - - [02/Feb/2026:11:09:35 +0900] "GET /MVC4/coupon HTTP/1.1" 404 815
0:0:0:0:0:0:0:1 - - [02/Feb/2026:11:09:35 +0900] "GET /MVC4/coupon HTTP/1.1" 404 815
127.0.0.1 - - [02/Feb/2026:11:09:44 +0900] "GET / HTTP/1.1" 404 808
0:0:0:0:0:0:0:1 - - [02/Feb/2026:11:09:56 +0900] "GET /MVC4/coupon HTTP/1.1" 404 815
127.0.0.1 - - [02/Feb/2026:11:11:53 +0900] "GET / HTTP/1.1" 404 808
0:0:0:0:0:0:0:1 - - [02/Feb/2026:11:11:57 +0900] "GET /MVC4/coupon HTTP/1.1" 404 815
0:0:0:0:0:0:0:1 - - [02/Feb/2026:11:12:01 +0900] "GET /MVC4/coupon HTTP/1.1" 404 815
0:0:0:0:0:0:0:1 - - [02/Feb/2026:11:12:01 +0900] "GET /MVC4/coupon HTTP/1.1" 404 815
0:0:0:0:0:0:0:1 - - [02/Feb/2026:11:12:01 +0900] "GET /MVC4/coupon HTTP/1.1" 404 815
0:0:0:0:0:0:0:1 - - [02/Feb/2026:11:12:01 +0900] "GET /MVC4/coupon HTTP/1.1" 404 815
0:0:0:0:0:0:0:1 - - [02/Feb/2026:11:12:01 +0900] "GET /MVC4/coupon HTTP/1.1" 404 815
0:0:0:0:0:0:0:1 - - [02/Feb/2026:11:12:02 +0900] "GET /MVC4/coupon HTTP/1.1" 404 815
0:0:0:0:0:0:0:1 - - [02/Feb/2026:11:12:02 +0900] "GET /MVC4/coupon HTTP/1.1" 404 815
0:0:0:0:0:0:0:1 - - [02/Feb/2026:11:13:06 +0900] "GET /MVC4/coupon HTTP/1.1" 200 246
0:0:0:0:0:0:0:1 - - [02/Feb/2026:11:13:09 +0900] "GET /MVC4/coupon HTTP/1.1" 200 246
0:0:0:0:0:0:0:1 - - [02/Feb/2026:11:13:10 +0900] "GET /MVC4/coupon HTTP/1.1" 200 246
127.0.0.1 - - [02/Feb/2026:11:19:05 +0900] "GET / HTTP/1.1" 404 808
0:0:0:0:0:0:0:1 - - [02/Feb/2026:11:19:16 +0900] "GET /MVC5/coupon HTTP/1.1" 200 246
127.0.0.1 - - [02/Feb/2026:11:31:34 +0900] "GET / HTTP/1.1" 404 808
0:0:0:0:0:0:0:1 - - [02/Feb/2026:11:31:40 +0900] "GET /MVC5/coupon HTTP/1.1" 200 246
127.0.0.1 - - [02/Feb/2026:11:36:26 +0900] "GET / HTTP/1.1" 404 808
0:0:0:0:0:0:0:1 - - [02/Feb/2026:11:36:30 +0900] "GET /MVC6/coupon HTTP/1.1" 200 246
127.0.0.1 - - [02/Feb/2026:12:44:06 +0900] "GET / HTTP/1.1" 404 808
0:0:0:0:0:0:0:1 - - [02/Feb/2026:12:44:25 +0900] "GET /MVC7/coupon HTTP/1.1" 200 240
0:0:0:0:0:0:0:1 - - [02/Feb/2026:12:44:58 +0900] "GET /MVC7/coupon HTTP/1.1" 200 246
0:0:0:0:0:0:0:1 - - [02/Feb/2026:12:46:45 +0900] "GET /MVC7/coupon HTTP/1.1" 200 246
127.0.0.1 - - [02/Feb/2026:14:58:45 +0900] "GET / HTTP/1.1" 404 808
0:0:0:0:0:0:0:1 - - [02/Feb/2026:14:59:02 +0900] "GET / HTTP/1.1" 404 808
0:0:0:0:0:0:0:1 - - [02/Feb/2026:14:59:06 +0900] "GET / HTTP/1.1" 404 808
0:0:0:0:0:0:0:1 - - [02/Feb/2026:15:01:52 +0900] "GET /COUPON_CLIENT/coupon HTTP/1.1" 404 832
0:0:0:0:0:0:0:1 - - [02/Feb/2026:15:05:08 +0900] "GET /COUPON_CLIENT/coupon HTTP/1.1" 404 832
127.0.0.1 - - [02/Feb/2026:15:05:18 +0900] "GET / HTTP/1.1" 404 808
0:0:0:0:0:0:0:1 - - [02/Feb/2026:15:05:20 +0900] "GET /COUPON_CLIENT/coupon HTTP/1.1" 404 832
127.0.0.1 - - [02/Feb/2026:15:12:32 +0900] "GET / HTTP/1.1" 404 808
0:0:0:0:0:0:0:1 - - [02/Feb/2026:15:13:04 +0900] "GET / HTTP/1.1" 404 808
0:0:0:0:0:0:0:1 - - [02/Feb/2026:15:13:15 +0900] "GET /MUSIC_MVC HTTP/1.1" 302 -
0:0:0:0:0:0:0:1 - - [02/Feb/2026:15:13:15 +0900] "GET /MUSIC_MVC/ HTTP/1.1" 200 525
0:0:0:0:0:0:0:1 - - [02/Feb/2026:15:13:20 +0900] "GET /MUSIC_MVC/music/form.ms;jsessionid=CA764F39D95D1602EBB43E52F1834424 HTTP/1.1" 200 1900
0:0:0:0:0:0:0:1 - - [02/Feb/2026:15:14:21 +0900] "POST /MUSIC_MVC/music/regist.ms HTTP/1.1" 302 -
0:0:0:0:0:0:0:1 - - [02/Feb/2026:15:14:21 +0900] "GET /MUSIC_MVC/ HTTP/1.1" 200 437
0:0:0:0:0:0:0:1 - - [02/Feb/2026:15:14:24 +0900] "GET /MUSIC_MVC/music/list.ms HTTP/1.1" 200 924
127.0.0.1 - - [02/Feb/2026:15:43:13 +0900] "GET / HTTP/1.1" 404 808
0:0:0:0:0:0:0:1 - - [02/Feb/2026:15:43:16 +0900] "GET /MUSIC_MVC HTTP/1.1" 302 -
0:0:0:0:0:0:0:1 - - [02/Feb/2026:15:43:16 +0900] "GET /MUSIC_MVC/ HTTP/1.1" 200 437
0:0:0:0:0:0:0:1 - - [02/Feb/2026:15:43:18 +0900] "GET /MUSIC_MVC/music/form.ms HTTP/1.1" 200 1900
127.0.0.1 - - [02/Feb/2026:16:46:53 +0900] "GET / HTTP/1.1" 404 808
127.0.0.1 - - [02/Feb/2026:16:48:21 +0900] "GET / HTTP/1.1" 404 808
0:0:0:0:0:0:0:1 - - [02/Feb/2026:16:48:33 +0900] "GET /NEW_MVC/AListener HTTP/1.1" 404 829
127.0.0.1 - - [02/Feb/2026:16:55:51 +0900] "GET / HTTP/1.1" 404 808
127.0.0.1 - - [02/Feb/2026:17:12:02 +0900] "GET / HTTP/1.1" 404 808
0:0:0:0:0:0:0:1 - - [02/Feb/2026:17:12:16 +0900] "GET /NEW_MVC HTTP/1.1" 302 -
0:0:0:0:0:0:0:1 - - [02/Feb/2026:17:12:16 +0900] "GET /NEW_MVC/ HTTP/1.1" 500 3588
127.0.0.1 - - [02/Feb/2026:17:34:38 +0900] "GET / HTTP/1.1" 404 808
0:0:0:0:0:0:0:1 - - [02/Feb/2026:17:34:44 +0900] "GET /NEW_MVC/a/uuid HTTP/1.1" 500 85409
127.0.0.1 - - [02/Feb/2026:17:36:13 +0900] "GET / HTTP/1.1" 404 808
0:0:0:0:0:0:0:1 - - [02/Feb/2026:17:36:15 +0900] "GET /NEW_MVC/a/uuid HTTP/1.1" 200 203
127.0.0.1 - - [02/Feb/2026:18:16:26 +0900] "GET / HTTP/1.1" 404 808
0:0:0:0:0:0:0:1 - - [02/Feb/2026:18:16:30 +0900] "GET /NEW_MV2 HTTP/1.1" 404 815
0:0:0:0:0:0:0:1 - - [02/Feb/2026:18:16:58 +0900] "GET /NEW_MVC/a/uuid HTTP/1.1" 404 830
0:0:0:0:0:0:0:1 - - [02/Feb/2026:18:17:25 +0900] "GET /NEW_MVC2/b/uuid HTTP/1.1" 500 3564
0:0:0:0:0:0:0:1 - - [02/Feb/2026:18:18:01 +0900] "GET /NEW_MVC2/b/uuid HTTP/1.1" 404 722
0:0:0:0:0:0:0:1 - - [02/Feb/2026:18:23:57 +0900] "GET /NEW_MVC2/b/uuid HTTP/1.1" 404 722
0:0:0:0:0:0:0:1 - - [02/Feb/2026:18:23:59 +0900] "GET /NEW_MVC2/b/uuid HTTP/1.1" 404 722
127.0.0.1 - - [02/Feb/2026:18:24:11 +0900] "GET / HTTP/1.1" 404 808
0:0:0:0:0:0:0:1 - - [02/Feb/2026:18:24:22 +0900] "GET /NEW_MVC2/b/uuid HTTP/1.1" 500 3564
0:0:0:0:0:0:0:1 - - [02/Feb/2026:18:24:22 +0900] "GET /favicon.ico HTTP/1.1" 404 819
0:0:0:0:0:0:0:1 - - [02/Feb/2026:18:31:57 +0900] "GET //NEW_MVC2/b/uuid HTTP/1.1" 404 722
0:0:0:0:0:0:0:1 - - [02/Feb/2026:18:31:57 +0900] "GET /favicon.ico HTTP/1.1" 404 819
127.0.0.1 - - [02/Feb/2026:18:33:01 +0900] "GET / HTTP/1.1" 404 808
0:0:0:0:0:0:0:1 - - [02/Feb/2026:18:33:06 +0900] "GET //NEW_MVC2/b/uuid HTTP/1.1" 500 3564
127.0.0.1 - - [02/Feb/2026:18:34:31 +0900] "GET / HTTP/1.1" 404 808
0:0:0:0:0:0:0:1 - - [02/Feb/2026:18:34:33 +0900] "GET //NEW_MVC2/b/uuid HTTP/1.1" 200 202
0:0:0:0:0:0:0:1 - - [02/Feb/2026:18:34:55 +0900] "GET //NEW_MVC2/b/uuid HTTP/1.1" 200 202
